--- 
http_interactions: 
- request: 
    method: post
    uri: https://api.getchute.com/v2/albums
    body: 
      encoding: UTF-8
      string: "{\"name\":\"Album for Tags\"}"
    headers: 
      Authorization: 
      - OAuth fe5d08d828c1d4562e5d2a7bbbb76e7dfa1fbc0932467a7a710bec66935df654
      Content-Type: 
      - application/json
      Accepts: 
      - application/json
      X-Client-Id: 
      - 508fc620018d162a070000d6
  response: 
    status: 
      code: 201
      message: Created
    headers: 
      Access-Control-Allow-Methods: 
      - POST, GET, PUT, DELETE, OPTIONS
      Access-Control-Allow-Origin: 
      - "*"
      Access-Control-Max-Age: 
      - "1728000"
      Cache-Control: 
      - max-age=0, private, must-revalidate
      Content-Type: 
      - application/json; charset=utf-8
      Date: 
      - Thu, 13 Dec 2012 14:41:27 GMT
      Etag: 
      - "\"7b93967e1bc1bd1ff0add733ee1554a7\""
      Last-Modified: 
      - Thu, 13 Dec 2012 14:41:26 GMT
      Server: 
      - nginx/1.2.4 + Phusion Passenger 3.0.18 (mod_rails/mod_rack)
      Status: 
      - "201"
      X-Available-Hourly-Calls: 
      - "5000"
      X-Available-Monthly-Calls: 
      - "3719813"
      X-Max-Hourly-Calls: 
      - "5000"
      X-Max-Monthly-Calls: 
      - "3720000"
      X-Powered-By: 
      - Phusion Passenger (mod_rails/mod_rack) 3.0.18
      X-Rack-Cache: 
      - invalidate, pass
      X-Request-Id: 
      - 0e33c534345be8e871a86745f5080930
      X-Runtime: 
      - "0.163207"
      X-Ua-Compatible: 
      - IE=Edge,chrome=1
      Transfer-Encoding: 
      - chunked
      Connection: 
      - keep-alive
    body: 
      encoding: US-ASCII
      string: "{\"response\":{\"title\":\"Album Details\",\"version\":2,\"code\":201,\"href\":\"https://api.getchute.com/v2/albums?album%5Bname%5D=Album+for+Tags&name=Album+for+Tags\",\"api_limits\":{\"max_monthly_calls\":3720000,\"available_monthly_calls\":3719813,\"max_hourly_calls\":5000,\"available_hourly_calls\":5000}},\"data\":{\"id\":2336711,\"links\":{\"self\":{\"href\":\"http://api.getchute.com/v2/albums/2336711\",\"title\":\"Album Details\"},\"assets\":{\"href\":\"http://api.getchute.com/v2/albums/2336711/assets\",\"title\":\"Asset Listing\"},\"parcels\":{\"href\":\"http://api.getchute.com/v2/albums/2336711/parcels\",\"title\":\"Parcel Listing\"}},\"created_at\":\"2012-12-13T14:41:26Z\",\"updated_at\":\"2012-12-13T14:41:26Z\",\"shortcut\":\"9NSTxmgp\",\"name\":\"Album for Tags\",\"description\":null,\"user\":{\"id\":545,\"links\":{\"self\":{\"href\":\"http://api.getchute.com/v2/users/545\",\"title\":\"User Details\"}},\"created_at\":\"2012-01-17T19:53:39Z\",\"updated_at\":\"2012-09-15T10:55:51Z\",\"name\":\"darko1002001\",\"username\":\"darko1002001\",\"avatar\":\"http://static.getchute.com/v1/images/avatar-100x100.png\"},\"moderate_media\":false,\"moderate_comments\":false,\"counters\":{\"photos\":0,\"videos\":0,\"inbox\":0}}}"
    http_version: 
  recorded_at: Thu, 13 Dec 2012 14:41:09 GMT
- request: 
    method: post
    uri: https://api.getchute.com/v2/albums/2336711/assets/import
    body: 
      encoding: UTF-8
      string: "{\"urls\":[\"http://farm9.staticflickr.com/8194/8141607138_bfaea3afd9.jpg\"]}"
    headers: 
      Authorization: 
      - OAuth fe5d08d828c1d4562e5d2a7bbbb76e7dfa1fbc0932467a7a710bec66935df654
      Content-Type: 
      - application/json
      Accepts: 
      - application/json
      X-Client-Id: 
      - 508fc620018d162a070000d6
  response: 
    status: 
      code: 200
      message: OK
    headers: 
      Access-Control-Allow-Methods: 
      - POST, GET, PUT, DELETE, OPTIONS
      Access-Control-Allow-Origin: 
      - "*"
      Access-Control-Max-Age: 
      - "1728000"
      Cache-Control: 
      - max-age=0, private, must-revalidate
      Content-Type: 
      - application/json; charset=utf-8
      Date: 
      - Thu, 13 Dec 2012 14:41:33 GMT
      Etag: 
      - "\"e109632f58397e26b953c827c1486da8\""
      Last-Modified: 
      - Thu, 29 Nov 2012 13:55:20 GMT
      Server: 
      - nginx/1.2.4 + Phusion Passenger 3.0.18 (mod_rails/mod_rack)
      Status: 
      - "200"
      X-Available-Hourly-Calls: 
      - "4999"
      X-Available-Monthly-Calls: 
      - "3719812"
      X-Max-Hourly-Calls: 
      - "5000"
      X-Max-Monthly-Calls: 
      - "3720000"
      X-Powered-By: 
      - Phusion Passenger (mod_rails/mod_rack) 3.0.18
      X-Rack-Cache: 
      - invalidate, pass
      X-Request-Id: 
      - be8aecb4b89462f50808643cf5cef752
      X-Runtime: 
      - "0.237830"
      X-Ua-Compatible: 
      - IE=Edge,chrome=1
      Transfer-Encoding: 
      - chunked
      Connection: 
      - keep-alive
    body: 
      encoding: US-ASCII
      string: "{\"response\":{\"title\":\"Imported Assets\",\"version\":2,\"code\":200,\"href\":\"https://api.getchute.com/v2/albums/2336711/assets/import?&urls%5B%5D=http%3A%2F%2Ffarm9.staticflickr.com%2F8194%2F8141607138_bfaea3afd9.jpg\",\"api_limits\":{\"max_monthly_calls\":3720000,\"available_monthly_calls\":3719812,\"max_hourly_calls\":5000,\"available_hourly_calls\":4999}},\"data\":[{\"id\":72569916,\"links\":{\"self\":{\"href\":\"http://api.getchute.com/v2/assets/72569916\",\"title\":\"Asset Details\"},\"exif\":{\"href\":\"http://api.getchute.com/v2/assets/72569916/exif\",\"title\":\"Exif Details\"},\"geo\":{\"href\":\"http://api.getchute.com/v2/assets/72569916/geo\",\"title\":\"Geo Details\"}},\"created_at\":\"2012-11-29T13:55:20Z\",\"updated_at\":\"2012-11-29T13:55:20Z\",\"thumbnail\":\"http://media.getchute.com/media/4UuKweohy/75x75\",\"url\":\"http://media.getchute.com/media/4UuKweohy\",\"shortcut\":\"4UuKweohy\",\"type\":\"image\",\"caption\":null,\"dimensions\":{\"width\":null,\"height\":null},\"location\":null,\"source\":{\"source\":\"imported\",\"source_id\":null,\"source_url\":\"http://farm9.staticflickr.com/8194/8141607138_bfaea3afd9.jpg\",\"service\":null,\"import_id\":null,\"import_url\":null,\"original_url\":\"http://media.getchute.com/media/4UuKweohy\"},\"service\":\"uploaded\"}]}"
    http_version: 
  recorded_at: Thu, 13 Dec 2012 14:41:15 GMT
- request: 
    method: post
    uri: https://api.getchute.com/v2/albums/2336711/assets/72569916/tags
    body: 
      encoding: UTF-8
      string: "{\"tags\":[\"TAG\",\"AnotherTag\"]}"
    headers: 
      Authorization: 
      - OAuth fe5d08d828c1d4562e5d2a7bbbb76e7dfa1fbc0932467a7a710bec66935df654
      Content-Type: 
      - application/json
      Accepts: 
      - application/json
      X-Client-Id: 
      - 508fc620018d162a070000d6
  response: 
    status: 
      code: 201
      message: Created
    headers: 
      Access-Control-Allow-Methods: 
      - POST, GET, PUT, DELETE, OPTIONS
      Access-Control-Allow-Origin: 
      - "*"
      Access-Control-Max-Age: 
      - "1728000"
      Cache-Control: 
      - max-age=0, private, must-revalidate
      Content-Type: 
      - application/json; charset=utf-8
      Date: 
      - Thu, 13 Dec 2012 14:41:12 GMT
      Etag: 
      - "\"4d687da59383eba060f846c582336cef\""
      Server: 
      - nginx/1.2.4 + Phusion Passenger 3.0.18 (mod_rails/mod_rack)
      Status: 
      - "201"
      X-Available-Hourly-Calls: 
      - "4998"
      X-Available-Monthly-Calls: 
      - "3719811"
      X-Max-Hourly-Calls: 
      - "5000"
      X-Max-Monthly-Calls: 
      - "3720000"
      X-Powered-By: 
      - Phusion Passenger (mod_rails/mod_rack) 3.0.18
      X-Rack-Cache: 
      - invalidate, pass
      X-Request-Id: 
      - 6b60c78c21e709820af517e878e1ddfd
      X-Runtime: 
      - "0.095797"
      X-Ua-Compatible: 
      - IE=Edge,chrome=1
      Content-Length: 
      - "382"
      Connection: 
      - keep-alive
    body: 
      encoding: US-ASCII
      string: "{\"response\":{\"title\":\"Tags Added\",\"version\":2,\"code\":201,\"href\":\"https://api.getchute.com/v2/albums/2336711/assets/72569916/tags?tag%5Btags%5D%5B%5D=TAG&tag%5Btags%5D%5B%5D=AnotherTag&tags%5B%5D=TAG&tags%5B%5D=AnotherTag\",\"api_limits\":{\"max_monthly_calls\":3720000,\"available_monthly_calls\":3719811,\"max_hourly_calls\":5000,\"available_hourly_calls\":4998}},\"data\":[\"TAG\",\"AnotherTag\"]}"
    http_version: 
  recorded_at: Thu, 13 Dec 2012 14:41:21 GMT
- request: 
    method: get
    uri: https://api.getchute.com/v2/albums/2336711/assets/72569916/tags
    body: 
      encoding: UTF-8
      string: "{}"
    headers: 
      Authorization: 
      - OAuth fe5d08d828c1d4562e5d2a7bbbb76e7dfa1fbc0932467a7a710bec66935df654
      Content-Type: 
      - application/json
      Accepts: 
      - application/json
      X-Client-Id: 
      - 508fc620018d162a070000d6
  response: 
    status: 
      code: 201
      message: Created
    headers: 
      Access-Control-Allow-Methods: 
      - POST, GET, PUT, DELETE, OPTIONS
      Access-Control-Allow-Origin: 
      - "*"
      Access-Control-Max-Age: 
      - "1728000"
      Cache-Control: 
      - must-revalidate, private, max-age=0
      Content-Type: 
      - application/json; charset=utf-8
      Date: 
      - Thu, 13 Dec 2012 14:41:13 GMT
      Etag: 
      - "\"dc3adca29ecfa503898ded3c6e69c084\""
      Server: 
      - nginx/1.2.4 + Phusion Passenger 3.0.18 (mod_rails/mod_rack)
      Status: 
      - "201"
      X-Available-Hourly-Calls: 
      - "4997"
      X-Available-Monthly-Calls: 
      - "3719810"
      X-Max-Hourly-Calls: 
      - "5000"
      X-Max-Monthly-Calls: 
      - "3720000"
      X-Powered-By: 
      - Phusion Passenger (mod_rails/mod_rack) 3.0.18
      X-Rack-Cache: 
      - miss
      X-Request-Id: 
      - 15738dd173d3a9c6ee08856a90384424
      X-Runtime: 
      - "0.045439"
      X-Ua-Compatible: 
      - IE=Edge,chrome=1
      Content-Length: 
      - "290"
      Connection: 
      - keep-alive
    body: 
      encoding: US-ASCII
      string: "{\"response\":{\"title\":\"Tags List\",\"version\":2,\"code\":201,\"href\":\"https://api.getchute.com/v2/albums/2336711/assets/72569916/tags?\",\"api_limits\":{\"max_monthly_calls\":3720000,\"available_monthly_calls\":3719810,\"max_hourly_calls\":5000,\"available_hourly_calls\":4997}},\"data\":[\"TAG\",\"AnotherTag\"]}"
    http_version: 
  recorded_at: Thu, 13 Dec 2012 14:41:22 GMT
- request: 
    method: put
    uri: https://api.getchute.com/v2/albums/2336711/assets/72569916/tags
    body: 
      encoding: UTF-8
      string: "{\"tags\":[\"Replaced TAG1\",\"Replaced Tag2\"]}"
    headers: 
      Authorization: 
      - OAuth fe5d08d828c1d4562e5d2a7bbbb76e7dfa1fbc0932467a7a710bec66935df654
      Content-Type: 
      - application/json
      Accepts: 
      - application/json
      X-Client-Id: 
      - 508fc620018d162a070000d6
  response: 
    status: 
      code: 201
      message: Created
    headers: 
      Access-Control-Allow-Methods: 
      - POST, GET, PUT, DELETE, OPTIONS
      Access-Control-Allow-Origin: 
      - "*"
      Access-Control-Max-Age: 
      - "1728000"
      Cache-Control: 
      - max-age=0, private, must-revalidate
      Content-Type: 
      - application/json; charset=utf-8
      Date: 
      - Thu, 13 Dec 2012 14:41:45 GMT
      Etag: 
      - "\"99205f9ba73a0f5040137115deec454a\""
      Server: 
      - nginx/1.2.4 + Phusion Passenger 3.0.18 (mod_rails/mod_rack)
      Status: 
      - "201"
      X-Available-Hourly-Calls: 
      - "4996"
      X-Available-Monthly-Calls: 
      - "3719809"
      X-Max-Hourly-Calls: 
      - "5000"
      X-Max-Monthly-Calls: 
      - "3720000"
      X-Powered-By: 
      - Phusion Passenger (mod_rails/mod_rack) 3.0.18
      X-Rack-Cache: 
      - invalidate, pass
      X-Request-Id: 
      - aea97d79219c5f6dc8fcaa706d5563de
      X-Runtime: 
      - "0.035996"
      X-Ua-Compatible: 
      - IE=Edge,chrome=1
      Content-Length: 
      - "423"
      Connection: 
      - keep-alive
    body: 
      encoding: US-ASCII
      string: "{\"response\":{\"title\":\"Tags Updated\",\"version\":2,\"code\":201,\"href\":\"https://api.getchute.com/v2/albums/2336711/assets/72569916/tags?tag%5Btags%5D%5B%5D=Replaced+TAG1&tag%5Btags%5D%5B%5D=Replaced+Tag2&tags%5B%5D=Replaced+TAG1&tags%5B%5D=Replaced+Tag2\",\"api_limits\":{\"max_monthly_calls\":3720000,\"available_monthly_calls\":3719809,\"max_hourly_calls\":5000,\"available_hourly_calls\":4996}},\"data\":[\"Replaced TAG1\",\"Replaced Tag2\"]}"
    http_version: 
  recorded_at: Thu, 13 Dec 2012 14:41:27 GMT
recorded_with: VCR 2.2.5
